---
source: crates/rondo-tui/tests/snapshots.rs
expression: s
---
" ▌rondo v0.1.0       // SISTEMA DE GESTIÓN DE TAREAS AVANZADO //                  ⊙ ONLINE · HH:MM:SS · ◷ 1/2 · P— · ☑3 "
"┌─ navegación ───────────┐┏━ inbox · 3 tareas ━━━━━━━━━━━━━━━━━━━━━━━━━━━━━━━━━━━━━━━━━━━━━━━━━━━━━━━━━━━━━━━━━━━━━━━━━┓"
"│  [i] ◉ INBOX       3   │┃     ESTADO  PRI     TAREA                                                                  ┃"
"│  [t] ◷ HOY         1   │┃ ▌ ▌ [ ]   ◖URG◗  Refactor pomodoro module   ◖in 1d◗   ⛒ blocked                            ┃"
"│  [p] ⏵ PRÓXIMAS    2   │┃           #refactor  #work                                                                 ┃"
"│  [A] ◇ TODAS       4   │┃   ╌╌╌╌╌╌╌╌╌╌╌╌╌╌╌╌╌╌╌╌╌╌╌╌╌╌╌╌╌╌╌╌╌╌╌╌╌╌╌╌╌╌╌╌╌╌╌╌╌╌╌╌╌╌╌╌╌╌╌╌╌╌╌╌╌╌╌╌╌╌╌╌╌╌╌╌╌╌╌╌╌╌╌╌╌╌   ┃"
"└────────────────────────┘┃   ▏ [ ]   ◖low◗  Buy groceries   ◖in 2d◗                                                   ┃"
"┌─ filtros rápidos ──────┐┃           #personal                                                                        ┃"
"│  [u] ! URGENTES    1   │┃   ╌╌╌╌╌╌╌╌╌╌╌╌╌╌╌╌╌╌╌╌╌╌╌╌╌╌╌╌╌╌╌╌╌╌╌╌╌╌╌╌╌╌╌╌╌╌╌╌╌╌╌╌╌╌╌╌╌╌╌╌╌╌╌╌╌╌╌╌╌╌╌╌╌╌╌╌╌╌╌╌╌╌╌╌╌╌   ┃"
"│  [H] ↑ ALTA PRIO   2   │┃   ▍ [•]   ◖high◗  Review API spec   ◖today◗   ◔ 1/5                                        ┃"
"│  [o] ⌧ VENCIDAS        │┃           ↳ Setup repo                                                                     ┃"
"│  [n] # SIN ETIQUETA 1  │┃           ↳ Config testing                                                                 ┃"
"│  [c] ✓ COMPLETADAS 1   │┃           #backend  #work                                                                  ┃"
"│                        │┃                                                                                            ┃"
"│                        │┃                                                                                            ┃"
"│                        │┃                                                                                            ┃"
"│                        │┃                                                                                            ┃"
"│                        │┃                                                                                            ┃"
"│ ┌ : command ───────────────────────────────────────────────────────────────────────────────────────────────────────┐ ┃"
"│ │ › p▏                                                                                                             │ ┃"
"│ │  pomodoro           start focus session overlay                                                                  │ ┃"
"└─│  plugins            list installed plugins + capabilities                                                        │━┛"
"┌─│                                                                                                                  │─┐"
"│ │                                                                                                                  │ │"
"│ │                                                                                                                  │ │"
"│ │                                                                                                                  │ │"
"│ │                                                                                                                  │ │"
"│ │                                                                                                                  │ │"
"│ │                                                                                                                  │ │"
"│ └──────────────────────────────────────────────────────────────────────────────────────────────────────────────────┘ │"
"└────────────────────┘└────────────────────────────────┘└──────────────────────────────────┘└──────────────────────────┘"
" [INS]  [Enter → run] [Tab → complete] [Esc → cancel]  · ? more                                                         "
