---
source: crates/rondo-tui/tests/snapshots.rs
expression: s
---
"┌──────────────────────────────────────────────────────────────────────│ rondo - 0.1.0 │──────────────────────────────────────────────14:03 · ◷ 1/2 · P— · ☑3  ┐"
"│  [1] TODAY  │  [2] TASKS  │  [3] JOURNAL  │  [4] FOCUS  │  [5] PLUGINS                                                                                       │"
"└──────────────────────────────────────────────────────────────────────────────────────────────────────────────────────────────────────────────────────────────┘"
"                                                                                                                                              3 active · 1 done "
"╭ Tasks (4) ───────────────────────────────────────────────────────────────────╮┌ Detail · #4 ─────────────────────────────────────────────────────────────────┐"
"│▌ ▌ ○  Refactor pomodoro module   URG   in 1d   blocked   #refactor #work     ││Refactor pomodoro module                                                      │"
"│  ▏ ○  Buy groceries   low   in 2d   #personal                                ││                                                                              │"
"│  ▍ ◐  Review API spec   high   today   1/5   #backend #work                  ││Status   ○  Pending                                                           │"
"│  ▎ ✓  Deploy v2.1   med   overdue                                            ││Priority URG                                                                  │"
"│                                                                              ││Due      in 1d  2026-05-17                                                    │"
"│                                                                              ││Tags     #refactor  ·  #work                                                  │"
"│                                                                              ││                                                                              │"
"│                                                                              ││Description                                                                   │"
"│                                                                              ││Pending until Review API spec done.                                           │"
"│                                                                              ││                                                                              │"
"│                                                                              ││                                                                              │"
"│                                                                              ││Blocked by #1                                                                 │"
"│                                                                              ││                                                                              │"
"│                                                                              ││                                                                              │"
"│                                                                              ││                                                                              │"
"│                                                                              ││                                                                              │"
"│                                                                              ││                                                                              │"
"│                                                                              ││                                                                              │"
"│                                                                              ││                                                                              │"
"│                                                                              ││                                                                              │"
"│                                                                              ││                                                                              │"
"│                                                                              ││                                                                              │"
"│                                                                              ││                                                                              │"
"│                                                                              ││                                                                              │"
"│                                                                              ││                                                                              │"
"│                                                                              ││                                                                              │"
"│                                                                              ││                                                                              │"
"│                                                                              ││                                                                              │"
"│                                                                              ││                                                                              │"
"│                                                                              ││                                                                              │"
"│                                                                              ││                                                                              │"
"│                                                                              ││                                                                              │"
"│                                                                              ││                                                                              │"
"╰──────────────────────────────────────────────────────────────────────────────╯└──────────────────────────────────────────────────────────────────────────────┘"
" j/k nav  Tab focus  / search  : cmd  ? help  q quit                                                                                                            "
