---
source: crates/rondo-tui/tests/snapshots.rs
expression: scrubbed
---
"┌──────────────────────────────────────────────────│ rondo - 0.1.0 │──────────────────────────HH:MM · ◷ 1/2 · P— · ☑3  ┐"
"│  [1] TODAY  │  [2] TASKS  │  [3] JOURNAL  │  [4] FOCUS  │  [5] PLUGINS                                               │"
"└──────────────────────────────────────────────────────────────────────────────────────────────────────────────────────┘"
"                                                                                                      3 active · 1 done "
"┌ Days ──────────────────────┐╭ Journal ───────────────────────────────────────────────────────────────────────────────╮"
"│ Today      2026-05-16      ││SATURDAY, MAY 16, 2026                                                                  │"
"│ Yesterday  2026-05-15      ││━━━━━━━━━━━━━━━━━━━━━━━━━━━━━━━━━━━━━━━━                                                │"
"│                            ││                                                                                        │"
"│                            ││  HH:MM                                                                                 │"
"│                            ││▍▍ Thursday standup                                                                     │"
"│                            ││                                                                                        │"
"│                            ││Shipped v2.1 with new API endpoint. Carlos reviewed at 1:30 PM.                         │"
"│                            ││                                                                                        │"
"│                            ││  · Fixed cache invalidation                                                            │"
"│                            ││  · Blocked by infra ticket #1023                                                       │"
"│                            ││  · Pair coded with Sarah on gRPC proto                                                 │"
"│                            ││                                                                                        │"
"│                            ││  HH:MM                                                                                 │"
"│                            ││▎ Reflections                                                                           │"
"│                            ││                                                                                        │"
"│                            ││Started strong but hit complexity in auth refactor. Good recovery.                      │"
"│                            ││                                                                                        │"
"│                            ││                                                                                        │"
"│                            ││                                                                                        │"
"│                            ││                                                                                        │"
"│                            ││                                                                                        │"
"│                            ││                                                                                        │"
"│                            ││                                                                                        │"
"│                            ││                                                                                        │"
"│                            ││                                                                                        │"
"└────────────────────────────┘╰────────────────────────────────────────────────────────────────────────────────────────╯"
" [NOR]  [j/k → move] [l → detail] [a → add] [v → select] [/ → search]  · ? more                                         "
