---
source: crates/rondo-tui/tests/snapshots.rs
expression: s
---
" ▌rondo v0.1.0       // SISTEMA DE GESTIÓN DE TAREAS AVANZADO //                  ⊙ ONLINE · 14:25:48 · ◷ 1/2 · P— · ☑3 "
"┌─ navegación ───────┐┏━ detail · #1 ━━━━━━━━━━━━━━━━━━━━━━━━━━━━━━━━━━━━━━━━━━━━━━━━━━━━━━━━━━━━━━ inprogress · high ━┓"
"   ◉ INBOX       3      Review API spec                                                                                 "
"   ◷ HOY         1                                                                                                      "
"   ⏵ PRÓXIMAS    2      Status   ◐  InProgress                                                                          "
"   ⛀ PROYECTOS   4      Priority ◖high◗                                                                                 "
"   ◆ ETIQUETAS   4      Due      ◖today◗  2026-05-16                                                                    "
"   ⊟ CALENDARIO         Tags     #backend  ·  #work                                                                     "
"   ▤ ANÁLISIS                                                                                                           "
"   ⌬ GRAFO              Description                                                                                     "
"   ⊳ AUTOMAT.           ▍▍ Goals                                                                                        "
"   ✕ PAPELERA                                                                                                           "
"└────────────────────┘  Check RFC #42 for the new auth flow.                                                            "
"┌─ filtros ──────────┐                                                                                                  "
"   !  URGENTES            · Validate OAuth scopes                                                                       "
"   ↑  ALTA PRIO           · Cross-check with  internal/auth/middleware.go                                               "
"   @  ASIG. A MÍ                                                                                                        "
"   #  SIN ETIQUETA      ── Subtasks  ◔1/5 ──                                                                            "
"   ✓  COMPLETADAS         ✓  Research tools                                                                             "
"   ◷  VENCIDAS          ▌ ○  Setup repo                                                                                 "
"                          ○  Config testing                                                                             "
"└────────────────────┘┗━━━━━━━━━━━━━━━━━━━━━━━━━━━━━━━━━━━━━━━━━━━━━━━━━━━━━━━━━━━━━━━━━━━━━━━━━━━━━━━━━━━━━━━━━━━━━━━━┛"
"┌─ vista general ────┐┌─ próximas 7 días ──────────────┐┌─ distribución por tag ───────────┐┌─ sincronización ─────────┐"
"                           1    1    1                      work      ▰▰▰▱▱▱▱▱▱▱▱▱   2 (33     ESTADO     Conectado     "
"    4  TOTAL               ██   ██   ██                     (sin tag) ▰▱▱▱▱▱▱▱▱▱▱▱   1 (16     ÚLTIMA     14:25:48      "
"                           ██   ██   ██                     backend   ▰▱▱▱▱▱▱▱▱▱▱▱   1 (16     PRÓXIMA    14:30:48      "
"    ◑    1  Completa       ██   ██   ██                     personal  ▰▱▱▱▱▱▱▱▱▱▱▱   1 (16     DISPOSIT.  1/1 local     "
"    ◐    1  En progr       ██   ██   ██                     refactor  ▰▱▱▱▱▱▱▱▱▱▱▱   1 (16                              "
"    ○    2  Pendient      16   17   18   19   20   21                                                 ⌬                 "
"    !    0  Vencidas                                                                                                    "
"└────────────────────┘└────────────────────────────────┘└──────────────────────────────────┘└──────────────────────────┘"
" [NOR]  [j/k → subtask] [space → check] [Tab → next sect] [h → list] [a → add]  · ? more                                "
