---
source: crates/rondo-tui/tests/snapshots.rs
expression: s
---
"┌──────────────────────────────────────────────────│ rondo - 0.1.0 │──────────────────────────13:59 · ◷ 1/2 · P— · ☑3  ┐"
"│  [1] TODAY  │  [2] TASKS  │  [3] JOURNAL  │  [4] FOCUS  │  [5] PLUGINS                                               │"
"└───────────────────────────────┌ Keybindings ─────────────────────────────────────────┐───────────────────────────────┘"
"                                │  Navigation                                          │              3 active · 1 done "
"╭ Tasks (4) ────────────────────│    j  /  ↓               next item                   │───────────────────────────────┐"
"│▌ ▌ ○  Refactor pomodoro module│    k  /  ↑               prev item                   │                               │"
"│  ▏ ○  Buy groceries   low   in│    g                     jump top                    │                               │"
"│  ▍ ◐  Review API spec   high  │    G                     jump bottom                 │                               │"
"│  ▎ ✓  Deploy v2.1   med   over│    Ctrl+D                half page down              │                               │"
"│                               │    Ctrl+U                half page up                │                               │"
"│                               │                                                      │k                              │"
"│                               │  Layout                                              │                               │"
"│                               │    Tab  /  Shift+Tab     next / prev page            │                               │"
"│                               │    1  /  2               Tasks / Journal             │ec done.                       │"
"│                               │    h  /  l               focus left / right pane     │                               │"
"│                               │    <  >                  resize split ± 5%           │                               │"
"│                               │    =                     reset split 50 / 50         │                               │"
"│                               │                                                      │                               │"
"│                               │  Actions                                             │                               │"
"│                               │    /                     search tasks                │                               │"
"│                               │    :                     command palette             │                               │"
"│                               │    p                     toggle pomodoro             │                               │"
"│                               │    ?                     toggle this help            │                               │"
"│                               │    Esc                   close top modal             │                               │"
"│                               │    q  /  Ctrl+C          quit                        │                               │"
"│                               │                                                      │                               │"
"│                               │                                                      │                               │"
"│                               │                                                      │                               │"
"│                               │                                                      │                               │"
"│                               └──────────────────────────────────────────────────────┘                               │"
"╰──────────────────────────────────────────────────────────╯└──────────────────────────────────────────────────────────┘"
" j/k nav  Tab focus  / search  : cmd  ? help  q quit                                                                    "
