---
source: crates/rondo-tui/tests/snapshots.rs
expression: s
---
"┌──────────────────────────────────────────────────│ rondo - 0.1.0 │──────────────────────────14:11 · ◷ 1/2 · P— · ☑3  ┐"
"│  [1] TODAY  │  [2] TASKS  │  [3] JOURNAL  │  [4] FOCUS  │  [5] PLUGINS                                               │"
"└───────────────────────────────┌ Keybindings ─────────────────────────────────────────┐───────────────────────────────┘"
"                                │  Navigation                                          │              3 active · 1 done "
"┏━ tasks · 4 ━━━━━━━━━━━━━━━━━━━│    j  /  ↓               next item                   │────────────── pending · urg! ─┐"
"  ▌ ▌ ○  Refactor pomodoro modul│    k  /  ↑               prev item                   │                                "
"    ▏ ○  Buy groceries   ◖low◗  │    g                     jump top                    │                                "
"    ▍ ◐  Review API spec   ◖high│    G                     jump bottom                 │                                "
"    ▎ ✓  Deploy v2.1   ◖med◗   ◖│    Ctrl+D                half page down              │                                "
"                                │    Ctrl+U                half page up                │17                              "
"                                │                                                      │rk                              "
"                                │  Layout                                              │                                "
"                                │    Tab  /  Shift+Tab     next / prev page            │                                "
"                                │    1  /  2               Tasks / Journal             │pec done.                       "
"                                │    h  /  l               focus left / right pane     │                                "
"                                │    <  >                  resize split ± 5%           │                                "
"                                │    =                     reset split 50 / 50         │                                "
"                                │                                                      │                                "
"                                │  Actions                                             │                                "
"                                │    /                     search tasks                │                                "
"                                │    :                     command palette             │                                "
"                                │    p                     toggle pomodoro             │                                "
"                                │    ?                     toggle this help            │                                "
"                                │    Esc                   close top modal             │                                "
"                                │    q  /  Ctrl+C          quit                        │                                "
"                                │                                                      │                                "
"                                │                                                      │                                "
"                                │                                                      │                                "
"                                │                                                      │                                "
"                                └──────────────────────────────────────────────────────┘                                "
"┗━━━━━━━━━━━━━━━━━━━━━━━━━━━━━━━━━━━━━━━━━━━━━━━━━━━━━━━━━━┛└──────────────────────────────────────────────────────────┘"
" [NOR]  [Esc → close]  · ? more                                                                                         "
