---
source: crates/rondo-tui/tests/snapshots.rs
expression: s
---
" RonDO  ·  Tasks  Journal                                                                                               "
"╭ Tasks (0) ───────────────────────────────────────────────╮┌ Detail ──────────────────────────────────────────────────┐"
"│                                                          ││                                                          │"
"│                                                          ││  No task selected                                        │"
"│  No tasks yet                                            ││                                                          │"
"│                                                          ││  j/k navigate    / search    ? help                      │"
"│  ? for help    : commands                                ││                                                          │"
"│                                                          ││                                                          │"
"│                                                          ││                                                          │"
"│                                                          ││                                                          │"
"│                                                          ││                                                          │"
"│                                                          ││                                                          │"
"│                                                          ││                                                          │"
"│                                                          ││                                                          │"
"│                                                          ││                                                          │"
"│                                                          ││                                                          │"
"│                                                          ││                                                          │"
"│                                                          ││                                                          │"
"│                                                          ││                                                          │"
"│                                                          ││                                                          │"
"│                                                          ││                                                          │"
"│                                                          ││                                                          │"
"│                                                          ││                                                          │"
"│                                                          ││                                                          │"
"│                                                          ││                                                          │"
"│                                                          ││                                                          │"
"│                                                          ││                                                          │"
"│                                                          ││                                                          │"
"│                                                          ││                                                          │"
"│                                                          ││                                                          │"
"╰──────────────────────────────────────────────────────────╯└──────────────────────────────────────────────────────────┘"
" j/k nav  Tab focus  / search  : cmd  ? help  q quit                                                                    "
