---
source: crates/rondo-tui/tests/snapshots.rs
expression: s
---
" ▌rondo v0.1.0                    // ADVANCED TASK MANAGEMENT SYSTEM //                                   ⊙ RO · HH:MM:SS · ◷ 1/2 · P— · ☑3 "
"┌─ navigation ───────────┐┏━ inbox · 3 tasks · default (status, priority, due) ━━━┓┌─ detail · #4 ──────────────────────── pending · urg! ─┐"
"│  [i] ◉ I┌ 🧩 builtin.dep-graph ────────────────────────────────────────────────────────────────────────────────────────────────┐         │" Hidden by multi-width symbols: [(13, " ")]
"│  [t] ◷ T│Dependencies                                                                                                          │         │"
"│  [p] ⏵ U│                                                                                                                      │         │"
"│  [A] ◇ A│#4 Refactor pomodoro module                                                                                           │         │"
"└─────────│  ↳ #1 Review API spec                                                                                                │━━━━━━   │"
"┌─ quick f│                                                                                                                      │         │"
"│  [u] ! U│ Esc close  h/j/k/l navigate                                                                                          │         │"
"│  [H] ↑ H│                                                                                                                      │         │"
"│  [o] ⌧ O│                                                                                                                      │         │"
"│  [P] ◐ I│                                                                                                                      │         │"
"│  [n] # U│                                                                                                                      │──────   │"
"│  [c] ✓ D│                                                                                                                      │         │"
"│         │                                                                                                                      │         │"
"│         │                                                                                                                      │         │"
"│         │                                                                                                                      │         │"
"│         │                                                                                                                      │         │"
"│         │                                                                                                                      │──────   │"
"│         │                                                                                                                      │         │"
"│         │                                                                                                                      │         │"
"│         │                                                                                                                      │──────   │"
"│         │                                                                                                                      │         │"
"│         │                                                                                                                      │         │"
"│         │                                                                                                                      │──────   │"
"└─────────│                                                                                                                      │─────────┘"
"┌─ overvie│                                                                                                                      │─────────┐"
"│         │                                                                                                                      │ected    │"
"│   4  TOT│                                                                                                                      │H:MM     │"
"│         │                                                                                                                      │H:MM     │"
"│   ◑    1│                                                                                                                      │local    │"
"│   ◐    1│                                                                                                                      │         │"
"│   ○    2│                                                                                                                      │         │"
"│   !    0└──────────────────────────────────────────────────────────────────────────────────────────────────────────────────────┘         │"
"└────────────────────┘└────────────────────────────────┘└──────────────────────────────────────────────────────┘└──────────────────────────┘"
" [NOR]  [a → add] [space → status] [v → select] [B → + dep] [: → cmd]  · ? help                                                             "
