---
source: crates/rondo-tui/tests/snapshots.rs
expression: s
---
"┌──────────────────────────────────────────────────│ rondo - 0.1.0 │──────────────────────────14:07 · ◷ 0/0 · P— · ☑0  ┐"
"│  [1] TODAY  │  [2] TASKS  │  [3] JOURNAL  │  [4] FOCUS  │  [5] PLUGINS                                               │"
"└──────────────────────────────────────────────────────────────────────────────────────────────────────────────────────┘"
"                                                                                                      0 active · 0 done "
"┏━ tasks · 0 ━━━━━━━━━━━━━━━━━━━━━━━━━━━━━━━━━━━━━━━━━━━━━━┓┌─ detail ─────────────────────────────────────────────────┐"
"                                                                                                                        "
"                                                                No task selected                                        "
"    No tasks yet                                                                                                        "
"                                                                j/k navigate    / search    ? help                      "
"    ? for help    : commands                                                                                            "
"                                                                                                                        "
"                                                                                                                        "
"                                                                                                                        "
"                                                                                                                        "
"                                                                                                                        "
"                                                                                                                        "
"                                                                                                                        "
"                                                                                                                        "
"                                                                                                                        "
"                                                                                                                        "
"                                                                                                                        "
"                                                                                                                        "
"                                                                                                                        "
"                                                                                                                        "
"                                                                                                                        "
"                                                                                                                        "
"                                                                                                                        "
"                                                                                                                        "
"                                                                                                                        "
"                                                                                                                        "
"┗━━━━━━━━━━━━━━━━━━━━━━━━━━━━━━━━━━━━━━━━━━━━━━━━━━━━━━━━━━┛└──────────────────────────────────────────────────────────┘"
" [NOR]  [j/k → move] [l → detail] [space → toggle done] [/ → search] [: → cmd]  · ? more                                "
