---
source: crates/rondo-tui/tests/snapshots.rs
expression: s
---
" ▌rondo v0.1.0          // ADVANCED TASK MANAGEMENT SYSTEM //                         ⊙ RO · HH:MM:SS · ◷ 1/2 · P— · ☑3 "
"┌─ navigation ───────────┐┏━ inbox · 3 tasks · default (status, priority, due) ━━━━━━━━━━━━━━━━━━━━━━━━━━━━━━━━━━━━━━━━┓"
"│  [i] ◉ INBOX       3   │┃     STATUS  PRI     TASK                                                                   ┃"
"│  [t] ◷ TODAY       1   │┃ ▌ ▌ [ ]   ◖URG◗  Refactor pomodoro module   ◖in 1d◗   ⛒ blocked                            ┃"
"│  [p] ⏵ UPCOMING    2   │┃           #refactor  #work                                                                 ┃"
"│  [A] ◇ ALL         4   │┃   ╌╌╌╌╌╌╌╌╌╌╌╌╌╌╌╌╌╌╌╌╌╌╌╌╌╌╌╌╌╌╌╌╌╌╌╌╌╌╌╌╌╌╌╌╌╌╌╌╌╌╌╌╌╌╌╌╌╌╌╌╌╌╌╌╌╌╌╌╌╌╌╌╌╌╌╌╌╌╌╌╌╌╌╌╌╌   ┃"
"└────────────────────────┘┃   ▏ [ ]   ◖low◗  Buy groceries   ◖in 2d◗                                                   ┃"
"┌─ quick filters ────────┐┃           #personal                                                                        ┃"
"│  [u] ! URGENT      1   │┃   ╌╌╌╌╌╌╌╌╌╌╌╌╌╌╌╌╌╌╌╌╌╌╌╌╌╌╌╌╌╌╌╌╌╌╌╌╌╌╌╌╌╌╌╌╌╌╌╌╌╌╌╌╌╌╌╌╌╌╌╌╌╌╌╌╌╌╌╌╌╌╌╌╌╌╌╌╌╌╌╌╌╌╌╌╌╌   ┃"
"│  [H] ↑ HIGH PRIO   2   │┃   ▍ [•]   ◖high◗  Review API spec   ◖today◗   ◔ 1/5                                        ┃"
"│  [o] ⌧ OVERDUE         │┃           ↳ Setup repo                                                                     ┃"
"│  [P] ◐ IN PROGRESS 1   │┃           ↳ Config testing                                                                 ┃"
"│  [n] # UNTAGGED    1   │┃           #backend  #work                                                                  ┃"
"│  [c] ✓ DONE        1   │┃                                                                                            ┃"
"│                        │┃                                                                                            ┃"
"│                        │┃                                                                                            ┃"
"│                        │┃                                                                                            ┃"
"│                        │┃                                                                                            ┃"
"│ ┌ : command ───────────────────────────────────────────────────────────────────────────────────────────────────────┐ ┃"
"│ │ › p▏                                                                                                             │ ┃"
"│ │  tasks      switch to Tasks page                                                                                 │ ┃"
"└─│  journal    switch to Journal page                                                                               │━┛"
"┌─│  pomodoro   start focus session overlay                                                                          │─┐"
"│ │  plugins    list installed plugins + capabilities                                                                │ │"
"│ │  calendar   open calendar plugin (journal-driven mini-month)                                                     │ │"
"│ │  deps       open dependency graph plugin                                                                         │ │"
"│ │  analytics  open analytics dashboard plugin                                                                      │ │"
"│ │  group      group task list: group priority|status|due|none                                                      │ │"
"│ │  focus      open focus heatmap plugin (5w×7d)                                                                    │ │"
"│ └──────────────────────────────────────────────────────────────────────────────────────────────────────────────────┘ │"
"└────────────────────┘└────────────────────────────────┘└──────────────────────────────────┘└──────────────────────────┘"
" [INS]  [Enter → run] [Tab → complete] [Esc → cancel]  · ? help                                                         "
