---
source: crates/rondo-tui/tests/snapshots.rs
expression: s
---
" ▌rondo v0.1.0                 // SISTEMA DE GESTIÓN DE TAREAS AVANZADO //                            ⊙ ONLINE · HH:MM:SS · ◷ 1/2 · P— · ☑3 "
"┏━ navegación ━━━━━━━━━━━┓┌─ inbox · 3 tareas ────────────────────────────────────┐┌─ detail · #4 ──────────────────────── pending · urg! ─┐"
"┃  [i] ◉ INBOX       3   ┃│     ESTADO  PRI     TAREA                             ││ Refactor pomodoro module                              │"
"┃ ▌[t] ◷ HOY         1   ┃│ ▌ ▌ [ ]   ◖URG◗  Refactor pomodoro module   ◖in 1d◗   ││                                                       │"
"┃  [p] ⏵ PRÓXIMAS    2   ┃│           #refactor  #work                            ││ Status   ○  Pending                                   │"
"┃  [A] ◇ TODAS       4   ┃│   ╌╌╌╌╌╌╌╌╌╌╌╌╌╌╌╌╌╌╌╌╌╌╌╌╌╌╌╌╌╌╌╌╌╌╌╌╌╌╌╌╌╌╌╌╌╌╌╌╌   ││ Priority ◖URG◗                                        │"
"┗━━━━━━━━━━━━━━━━━━━━━━━━┛│   ▏ [ ]   ◖low◗  Buy groceries   ◖in 2d◗              ││ Due      ◖in 1d◗  2026-05-17                          │"
"┌─ filtros rápidos ──────┐│           #personal                                   ││ Tags     #refactor  ·  #work                          │"
"│  [u] ! URGENTES    1   ││   ╌╌╌╌╌╌╌╌╌╌╌╌╌╌╌╌╌╌╌╌╌╌╌╌╌╌╌╌╌╌╌╌╌╌╌╌╌╌╌╌╌╌╌╌╌╌╌╌╌   ││                                                       │"
"│  [H] ↑ ALTA PRIO   2   ││   ▍ [•]   ◖high◗  Review API spec   ◖today◗   ◔ 1/5   ││ Description                                           │"
"│  [o] ⌧ VENCIDAS        ││           ↳ Setup repo                                ││ Pending until Review API spec done.                   │"
"│  [n] # SIN ETIQUETA 1  ││           ↳ Config testing                            ││                                                       │"
"│  [c] ✓ COMPLETADAS 1   ││           #backend  #work                             ││                                                       │"
"│                        ││                                                       ││ Blocked by #1                                         │"
"│                        ││                                                       ││                                                       │"
"│                        ││                                                       ││                                                       │"
"│                        ││                                                       ││                                                       │"
"│                        ││                                                       ││                                                       │"
"│                        ││                                                       ││                                                       │"
"│                        ││ PROGRESO GENERAL  [▰▰▰▰▰▱▱▱▱▱▱▱▱▱▱▱▱▱▱] 25%   1/4     ││                                                       │"
"│                        ││                                                       ││                                                       │"
"└────────────────────────┘└───────────────────────────────────────────────────────┘└───────────────────────────────────────────────────────┘"
"┌─ vista general ────┐┌─ próximas 7 días ──────────────┐┌─ distribución por tag ───────────────────────────────┐┌─ sincronización ─────────┐"
"│                    ││    1    1    1                 ││   work      ▰▰▰▰▰▰▰▰▰▰▱▱▱▱▱▱▱▱▱▱▱▱▱▱▱▱▱▱▱▱▱▱   2 (33 ││  ESTADO     Conectado    │"
"│   4  TOTAL         ││    ██   ██   ██                ││   (sin tag) ▰▰▰▰▰▱▱▱▱▱▱▱▱▱▱▱▱▱▱▱▱▱▱▱▱▱▱▱▱▱▱▱   1 (16 ││  ÚLTIMA     HH:MM:SS     │"
"│                    ││    ██   ██   ██                ││   backend   ▰▰▰▰▰▱▱▱▱▱▱▱▱▱▱▱▱▱▱▱▱▱▱▱▱▱▱▱▱▱▱▱   1 (16 ││  PRÓXIMA    HH:MM:SS     │"
"│   ◑    1  Completa ││    ██   ██   ██                ││   personal  ▰▰▰▰▰▱▱▱▱▱▱▱▱▱▱▱▱▱▱▱▱▱▱▱▱▱▱▱▱▱▱▱   1 (16 ││  DISPOSIT.  1/1 local    │"
"│   ◐    1  En progr ││    ██   ██   ██                ││   refactor  ▰▰▰▰▰▱▱▱▱▱▱▱▱▱▱▱▱▱▱▱▱▱▱▱▱▱▱▱▱▱▱▱   1 (16 ││                          │"
"│   ○    2  Pendient ││   16   17   18   19   20   21  ││                                                      ││         ⌬                │"
"│   !    0  Vencidas ││                                ││                                                      ││                          │"
"└────────────────────┘└────────────────────────────────┘└──────────────────────────────────────────────────────┘└──────────────────────────┘"
" [NOR]  [j/k → move] [Enter → aplicar filtro] [l → list] [Esc → cancel] [: → cmd]  · ? more                                                 "
