---
source: crates/rondo-tui/tests/snapshots.rs
expression: s
---
" ▌rondo v0.1.0       // SISTEMA DE GESTIÓN DE TAREAS AVANZADO //                  ⊙ ONLINE · HH:MM:SS · ◷ 1/2 · P— · ☑3 "
"┌─ navegación ───────────┐┏━ inbox · 3 tareas ━━━━━━━━━━━━━━━━━━━━━━━━━━━━━━━━━━━━━━━━━━━━━━━━━━━━━━━━━━━━━━━━━━━━━━━━━┓"
"│  [i] ◉ INBOX       3   │┃     ESTADO  PRI     TAREA                                                                  ┃"
"│  [t] ◷ HOY         1   │┃ ▌ ▌ [ ]   ◖URG◗  Refactor pomodoro module   ◖in 1d◗   ⛒ blocked                            ┃"
"│  [p] ⏵ PRÓXIMAS    2   │┃           #refactor  #work                                                                 ┃"
"│  [A] ◇ TODAS       4   │┃                                                                                            ┃"
"└────────────────────────┘┃   ▏ [ ]   ◖low◗  Buy groceries   ◖in 2d◗                                                   ┃"
"┌─ filtros rápidos ──────┐┃           #personal                                                                        ┃"
"│  [u] ! URGENTES    1   │┃                                                                                            ┃"
"│  [H] ↑ ALTA PRIO   2   │┃   ▍ [•]   ◖high◗  Review API spec   ◖today◗   ◔ 1/5                                        ┃"
"│  [o] ⌧ VENCIDAS        │┃           ↳ Setup repo                                                                     ┃"
"│  [n] # SIN ETIQUETA 1  │┃           ↳ Config testing                                                                 ┃"
"│  [c] ✓ COMPLETADAS 1   │┃           #backend  #work                                                                  ┃"
"│                        │┃                                                                                            ┃"
"│                        │┃                                                                                            ┃"
"│                        │┃                                                                                            ┃"
"│                        │┃                                                                                            ┃"
"│                        │┃                                                                                            ┃"
"│                        │┃                                                                                            ┃"
"│                        │┃ PROGRESO GENERAL  [▰▰▰▰▰▰▰▰▰▰▰▰▰▰▱▱▱▱▱▱▱▱▱▱▱▱▱▱▱▱▱▱▱▱▱▱▱▱▱▱▱▱▱▱▱▱▱▱▱▱▱▱▱▱▱▱] 25%   1/4     ┃"
"│                        │┃                                                                                            ┃"
"└────────────────────────┘┗━━━━━━━━━━━━━━━━━━━━━━━━━━━━━━━━━━━━━━━━━━━━━━━━━━━━━━━━━━━━━━━━━━━━━━━━━━━━━━━━━━━━━━━━━━━━┛"
"┌─ vista general ────┐┌─ próximas 7 días ──────────────┐┌─ distribución por tag ───────────┐┌─ sincronización ─────────┐"
"│                    ││    1    1    1                 ││   work      ▰▰▰▱▱▱▱▱▱▱▱▱   2 (33 ││  ESTADO     Conectado    │"
"│   4  TOTAL         ││    ██   ██   ██                ││   (sin tag) ▰▱▱▱▱▱▱▱▱▱▱▱   1 (16 ││  ÚLTIMA     HH:MM:SS     │"
"│                    ││    ██   ██   ██                ││   backend   ▰▱▱▱▱▱▱▱▱▱▱▱   1 (16 ││  PRÓXIMA    HH:MM:SS     │"
"│ ┌ + add task ──────────────────────────────────────────────────────────────────────────────────────────────────────┐ │"
"│ │ + ship the demo #work !p3 due:tmrw▏                                                                              │ │"
"│ │  syntax: title #tag !p1..p4 due:tmrw                                                                             │ │"
"│ └──────────────────────────────────────────────────────────────────────────────────────────────────────────────────┘ │"
"└────────────────────┘└────────────────────────────────┘└──────────────────────────────────┘└──────────────────────────┘"
" [INS]  [j/k → move] [l → detail] [a → add] [v → select] [/ → search]  · ? more                                         "
