---
source: crates/rondo-tui/tests/snapshots.rs
expression: s
---
" ▌rondo v0.1.0       // SISTEMA DE GESTIÓN DE TAREAS AVANZADO //                  ⊙ ONLINE · 14:20:48 · ◷ 1/2 · P— · ☑3 "
"┌─ navegación ───────┐┏━ inbox · 4 tareas ━━━━━━━━━━━━━━━━━━━━━━━━━━━━━━━━━━━━━━━━━━━━━━━━━━━━━━━━━━━━━━━━━━━━━━━━━━━━━┓"
"   ◉ INBOX       3          ESTADO  PRI     TAREA                                                                       "
"   ◷ HOY         1      ▌ ▌ [ ]  ◖URG◗  Refactor pomodoro module  ◖in 1d◗  blocked  #refactor #work                     "
"   ⏵ PRÓXIMAS    2        ▏ [ ]  ◖low◗  Buy groceries  ◖in 2d◗  #personal                                               "
"   ⛀ PROYECTOS   4        ▍ [•]  ◖high◗  Review API spec  ◖today◗  ◔ 1/5  #backend #work                                "
"   ◆ ETIQUETAS   4              ↳ Setup repo                                                                            "
"   ⊟ CALENDARIO           ▎ [x]  ◖med◗  Deploy v2.1  ◖overdue◗                                                          "
"   ▤ ANÁLISIS                                                                                                           "
"   ⌬ GRAFO                                                                                                              "
"   ⊳ AUTOMAT.                                                                                                           "
"   ✕ PAPELERA                                                                                                           "
"                                                                                                                        "
"                                                                                                                        "
"                                                                                                                        "
"                                                                                                                        "
"                                                                                                                        "
"                                                                                                                        "
"                                                                                                                        "
"└────────────────────┘                                                                                                  "
"┌─ filtros ──────────┐                                                                                                  "
"   !  URGENTES                                                                                                          "
"   ↑  ALTA PRIO                                                                                                         "
"   @  ASIG. A MÍ                                                                                                        "
"   #  SIN ETIQUETA                                                                                                      "
"   ✓  COMPLETADAS                                                                                                       "
"   ◷  VENCIDAS                                                                                                          "
"                                                                                                                        "
"                        PROGRESO GENERAL  [▰▰▰▰▰▰▰▰▰▰▰▰▰▰▰▱▱▱▱▱▱▱▱▱▱▱▱▱▱▱▱▱▱▱▱▱▱▱▱▱▱▱▱▱▱▱▱▱▱▱▱▱▱▱▱▱▱▱▱▱] 25%   1/4      "
"                                                                                                                        "
"└────────────────────┘┗━━━━━━━━━━━━━━━━━━━━━━━━━━━━━━━━━━━━━━━━━━━━━━━━━━━━━━━━━━━━━━━━━━━━━━━━━━━━━━━━━━━━━━━━━━━━━━━━┛"
" [NOR]  [j/k → move] [l → detail] [a → add] [v → select] [/ → search]  · ? more                                         "
