---
source: crates/rondo-tui/tests/snapshots.rs
expression: s
---
" ▌rondo v0.1.0                 // SISTEMA DE GESTIÓN DE TAREAS AVANZADO //                            ⊙ ONLINE · HH:MM:SS · ◷ 1/1 · P— · ☑3 "
"┌─ navegación ───────────┐┏━ hoy · 0 tareas ━━━━━━━━━━━━━━━━━━━━━━━━━━━━━━━━━━━━━━┓┌─ detail · #4 ──────────────────────── pending · urg! ─┐"
"│  [i] ◉ INBOX       3   │┃                                                       ┃│                                                       │"
"│  [t] ◷ HOY             │┃                                                       ┃│   TSK-0004    ◖URG◗   ◖pending◗                       │"
"│  [p] ⏵ PRÓXIMAS    3   │┃   Sin tareas para 'hoy'                               ┃│                                                       │"
"│  [A] ◇ TODAS       4   │┃                                                       ┃│   Refactor pomodoro module                            │"
"└────────────────────────┘┃   h cambiar filtro    ? ayuda                         ┃│   ━━━━━━━━━━━━━━━━━━━━━━━━━━━━━━━━━━━━━━━━━━━━━━━━━   │"
"┌─ filtros rápidos ──────┐┃                                                       ┃│                                                       │"
"│  [u] ! URGENTES    1   │┃                                                       ┃│   CREADA    2026-05-16 HH:MM                          │"
"│  [H] ↑ ALTA PRIO   2   │┃                                                       ┃│   VENCE     ◖in 2d◗   2026-05-18 (Monday)             │"
"│  [o] ⌧ VENCIDAS        │┃                                                       ┃│   TAGS      #refactor  ·  #work                       │"
"│  [n] # SIN ETIQUETA 1  │┃                                                       ┃│                                                       │"
"│  [c] ✓ COMPLETADAS 1   │┃                                                       ┃│   DESCRIPCIÓN  ────────────────────────────────────   │"
"│                        │┃                                                       ┃│ ▏ Pending until Review API spec done.                 │"
"│                        │┃                                                       ┃│ ▏                                                     │"
"│                        │┃                                                       ┃│                                                       │"
"│                        │┃                                                       ┃│   SUBTAREAS  vacía  ───────────────────────────────   │"
"│                        │┃                                                       ┃│   (sin subtareas)  A para añadir                      │"
"│                        │┃                                                       ┃│                                                       │"
"│                        │┃                                                       ┃│   DEPENDENCIAS  ───────────────────────────────────   │"
"│                        │┃                                                       ┃│   ⛒ blocked by #1                                     │"
"└────────────────────────┘┗━━━━━━━━━━━━━━━━━━━━━━━━━━━━━━━━━━━━━━━━━━━━━━━━━━━━━━━┛└───────────────────────────────────────────────────────┘"
"┌─ vista general ────┐┌─ próximas 7 días ──────────────┐┌─ distribución por tag ───────────────────────────────┐┌─ sincronización ─────────┐"
"│                    ││    1    1    1    1            ││   work      ▰▰▰▰▰▰▰▰▰▰▱▱▱▱▱▱▱▱▱▱▱▱▱▱▱▱▱▱▱▱▱▱   2 (33 ││  ESTADO     Conectado    │"
"│   4  TOTAL         ││    ██   ██   ██   ██           ││   (sin tag) ▰▰▰▰▰▱▱▱▱▱▱▱▱▱▱▱▱▱▱▱▱▱▱▱▱▱▱▱▱▱▱▱   1 (16 ││  ÚLTIMA     HH:MM:SS     │"
"│                    ││    ██   ██   ██   ██           ││   backend   ▰▰▰▰▰▱▱▱▱▱▱▱▱▱▱▱▱▱▱▱▱▱▱▱▱▱▱▱▱▱▱▱   1 (16 ││  PRÓXIMA    HH:MM:SS     │"
"│   ◑    1  Completa ││    ██   ██   ██   ██           ││   personal  ▰▰▰▰▰▱▱▱▱▱▱▱▱▱▱▱▱▱▱▱▱▱▱▱▱▱▱▱▱▱▱▱   1 (16 ││  DISPOSIT.  1/1 local    │"
"│   ◐    1  En progr ││    ██   ██   ██   ██           ││   refactor  ▰▰▰▰▰▱▱▱▱▱▱▱▱▱▱▱▱▱▱▱▱▱▱▱▱▱▱▱▱▱▱▱   1 (16 ││                          │"
"│   ○    2  Pendient ││   16   17   18   19   20   21  ││                                                      ││         ⌬                │"
"│   !    0  Vencidas ││                                ││                                                      ││                          │"
"└────────────────────┘└────────────────────────────────┘└──────────────────────────────────────────────────────┘└──────────────────────────┘"
" [NOR]  [a → add] [A → + subtarea] [B → + dep] [v → select] [f<l> → filtro]  · ? more                                                       "
