---
source: crates/rondo-tui/tests/snapshots.rs
expression: s
---
" RonDO  ·  Tasks  Journal                                                                                               "
"╭ Tasks (4) ───────────────────────────────────────────────╮┌ Detail · #4 ─────────────────────────────────────────────┐"
"│▌ ▌ ○  Refactor pomodoro module   URG   in 1d   blocked   ││Refactor pomodoro module                                  │"
"│  ▏ ○  Buy groceries   low   in 2d   #personal            ││                                                          │"
"│  ▍ ◐  Review API spec   high   today   1/5   #backend #wo││Status   ○  Pending                                       │"
"│  ▎ ✓  Deploy v2.1   med   overdue                        ││Priority URG                                              │"
"│                                                          ││Due      in 1d  2026-05-17                                │"
"│                                                          ││Tags     #refactor  ·  #work                              │"
"│                                                          ││                                                          │"
"│                                                          ││Description                                               │"
"│                                                          ││Pending until Review API spec done.                       │"
"│                                                          ││                                                          │"
"│                                                          ││                                                          │"
"│                                                          ││Blocked by #1                                             │"
"│                                                          ││                                                          │"
"│                                                          ││                                                          │"
"│                                                          ││                                                          │"
"│                                                          ││                                                          │"
"│ ┌ : command ───────────────────────────────────────────────────────────────────────────────────────────────────────┐ │"
"│ │ › p▏                                                                                                             │ │"
"│ │  pomodoro   start focus session overlay                                                                          │ │"
"│ │                                                                                                                  │ │"
"│ │                                                                                                                  │ │"
"│ │                                                                                                                  │ │"
"│ │                                                                                                                  │ │"
"│ │                                                                                                                  │ │"
"│ │                                                                                                                  │ │"
"│ │                                                                                                                  │ │"
"│ │                                                                                                                  │ │"
"│ └──────────────────────────────────────────────────────────────────────────────────────────────────────────────────┘ │"
"╰──────────────────────────────────────────────────────────╯└──────────────────────────────────────────────────────────┘"
" Enter run  Esc cancel                                                                                                  "
