---
source: crates/rondo-tui/tests/snapshots.rs
expression: s
---
" ▌rondo v0.1.0          // ADV┌ help ────────────────────────────────────────────────────┐ · HH:MM:SS · ◷ 1/2 · P— · ☑3 "
"┌─ navigation ───────────┐┏━ i│  Navigation                                              │━━━━━━━━━━━━━━━━━━━━━━━━━━━━━┓"
"│  [i] ◉ INBOX       3   │┃   │    j  /  ↓               next item                       │                             ┃"
"│  [t] ◷ TODAY       1   │┃ ▌ │    k  /  ↑               prev item                       │d                            ┃"
"│  [p] ⏵ UPCOMING    2   │┃   │    g                     jump top                        │                             ┃"
"│  [A] ◇ ALL         4   │┃   │    G                     jump bottom                     │╌╌╌╌╌╌╌╌╌╌╌╌╌╌╌╌╌╌╌╌╌╌╌╌╌╌   ┃"
"└────────────────────────┘┃   │    Ctrl+D                half page down                  │                             ┃"
"┌─ quick filters ────────┐┃   │    Ctrl+U                half page up                    │                             ┃"
"│  [u] ! URGENT      1   │┃   │                                                          │╌╌╌╌╌╌╌╌╌╌╌╌╌╌╌╌╌╌╌╌╌╌╌╌╌╌   ┃"
"│  [H] ↑ HIGH PRIO   2   │┃   │  Filter (any focus)                                      │                             ┃"
"│  [o] ⌧ OVERDUE         │┃   │    f i                   Inbox                           │                             ┃"
"│  [P] ◐ IN PROGRESS 1   │┃   │    f t                   Today                           │                             ┃"
"│  [n] # UNTAGGED    1   │┃   │    f p                   Upcoming                        │                             ┃"
"│  [c] ✓ DONE        1   │┃   │    f u                   Urgent                          │                             ┃"
"│                        │┃   │    f H                   High priority                   │                             ┃"
"│                        │┃   │    f o                   Overdue                         │                             ┃"
"│                        │┃   │    f c                   Done                            │                             ┃"
"│                        │┃   │    f n                   Untagged                        │                             ┃"
"│                        │┃   │    f A                   All                             │                             ┃"
"│                        │┃ OV│                                                          │▱▱▱▱▱▱▱▱▱▱▱▱▱] 25%   1/4     ┃"
"│                        │┃   │  Layout                                                  │                             ┃"
"└────────────────────────┘┗━━━│    Tab  /  Shift+Tab     next / prev section             │━━━━━━━━━━━━━━━━━━━━━━━━━━━━━┛"
"┌─ overview ─────────┐┌─ next │    1  /  2               Tasks / Journal                 │─┐┌─ sync ───────────────────┐"
"│                    ││    1  │    h  /  l               focus Sidebar / List / Detail   │ ││  STATUS     Connected    │"
"│   4  TOTAL         ││    ██ │    <  >                  resize split ± 5%               │ ││  LAST       HH:MM:SS     │"
"│                    ││    ██ │    =                     reset split 50 / 50             │ ││  NEXT       HH:MM:SS     │"
"│   ◑    1  Complete ││    ██ │                                                          │ ││  DEVICE     1/1 local    │"
"│   ◐    1  In progr ││    ██ │  Edit                                                    │ ││                          │"
"│   ○    2  Pending  ││   17  │    a                     quick-add task                  │ ││         ⌬                │"
"│   !    0  Overdue  ││       │    e                     edit title                      │ ││                          │"
"└────────────────────┘└───────│    d                     delete task (confirm)           │─┘└──────────────────────────┘"
" [NOR]  [Esc → close]         └──────────────────────────────────────────────────────────┘                              "
