---
source: crates/rondo-tui/tests/snapshots.rs
expression: s
---
" RonDO  ·  Tasks  Journal                                                       "
"╭ Tasks (4) ───────────────────────────────────────────────────────────────────╮"
"│▌ ▌ ○  Refactor pomodoro module   URG   in 1d   blocked   #refactor #work     │"
"│  ▏ ○  Buy groceries   low   in 2d   #personal                                │"
"│  ▍ ◐  Review API spec   high   today   1/5   #backend #work                  │"
"│  ▎ ✓  Deploy v2.1   med   overdue                                            │"
"│                                                                              │"
"│                                                                              │"
"│                                                                              │"
"│                                                                              │"
"│                                                                              │"
"│                                                                              │"
"│                                                                              │"
"│                                                                              │"
"│                                                                              │"
"│                                                                              │"
"│                                                                              │"
"│                                                                              │"
"│                                                                              │"
"│                                                                              │"
"│                                                                              │"
"│                                                                              │"
"╰──────────────────────────────────────────────────────────────────────────────╯"
" j/k nav  Tab focus  / search  : cmd  ? help  q quit                            "
