---
source: crates/rondo-tui/tests/snapshots.rs
expression: s
---
" ▌rondo v0.1.0          // ADVANCED TASK MANAGEMENT SYSTEM //                         ⊙ RO · HH:MM:SS · ◷ 1/2 · P— · ☑3 "
"┌─ navigation ───────────┐┏━ all · 1 tasks · default (status, priority, due) · /deploy ━━━━━━━━━━━━━━━━━━━━━━━━━━━━━━━━┓"
"│  [i] ◉ INBOX       3   │┃     STATUS  PRI     TASK                                                                   ┃"
"│  [t] ◷ TODAY       1   │┃   ▎ [x]   ◖med◗  Deploy v2.1   ◖overdue◗                                                   ┃"
"│  [p] ⏵ UPCOMING    2   │┃                                                                                            ┃"
"│  [A] ◇ ALL         4   │┃                                                                                            ┃"
"└────────────────────────┘┃                                                                                            ┃"
"┌─ quick filters ────────┐┃                                                                                            ┃"
"│  [u] ! URGENT      1   │┃                                                                                            ┃"
"│  [H] ↑ HIGH PRIO   2   │┃                                                                                            ┃"
"│  [o] ⌧ OVERDUE         │┃                                                                                            ┃"
"│  [P] ◐ IN PROGRESS 1   │┃                                                                                            ┃"
"│  [n] # UNTAGGED    1   │┃                                                                                            ┃"
"│  [c] ✓ DONE        1   │┃                                                                                            ┃"
"│                        │┃                                                                                            ┃"
"│                        │┃                                                                                            ┃"
"│                        │┃                                                                                            ┃"
"│                        │┃                                                                                            ┃"
"│                        │┃                                                                                            ┃"
"│                        │┃ OVERALL PROGRESS  [▰▰▰▰▰▰▰▰▰▰▰▰▰▰▱▱▱▱▱▱▱▱▱▱▱▱▱▱▱▱▱▱▱▱▱▱▱▱▱▱▱▱▱▱▱▱▱▱▱▱▱▱▱▱▱▱] 25%   1/4     ┃"
"│                        │┃                                                                                            ┃"
"└────────────────────────┘┗━━━━━━━━━━━━━━━━━━━━━━━━━━━━━━━━━━━━━━━━━━━━━━━━━━━━━━━━━━━━━━━━━━━━━━━━━━━━━━━━━━━━━━━━━━━━┛"
"┌─ overview ─────────┐┌─ next 7 days ──────────────────┐┌─ tag distribution ───────────────┐┌─ sync ───────────────────┐"
"│                    ││    1    1    1                 ││   work      ▰▰▰▱▱▱▱▱▱▱▱▱   2 (33 ││  STATUS     Connected    │"
"│   4  TOTAL         ││    ██   ██   ██                ││   (untagged)▰▱▱▱▱▱▱▱▱▱▱▱   1 (16 ││  LAST       HH:MM:SS     │"
"│                    ││    ██   ██   ██                ││   backend   ▰▱▱▱▱▱▱▱▱▱▱▱   1 (16 ││  NEXT       HH:MM:SS     │"
"│ ┌ / search ────────────────────────────────────────────────────────────────────────────────────────────────────────┐ │"
"│ │ / deploy▏   1 match                                                                                              │ │"
"│ │                                                                                                                  │ │"
"│ └──────────────────────────────────────────────────────────────────────────────────────────────────────────────────┘ │"
"└────────────────────┘└────────────────────────────────┘└──────────────────────────────────┘└──────────────────────────┘"
" [INS]  [Enter → apply] [Esc → cancel]  · filter: ALL  · ? help                                                         "
