---
source: crates/rondo-tui/tests/snapshots.rs
expression: s
---
" RonDO  ·  Tasks  Journal                                                                                               "
"┌ Days ──────────────────────┐╭ Journal ───────────────────────────────────────────────────────────────────────────────╮"
"│ Today      2026-05-16      ││SATURDAY, MAY 16, 2026                                                                  │"
"│ Yesterday  2026-05-15      ││━━━━━━━━━━━━━━━━━━━━━━━━━━━━━━━━━━━━━━━━                                                │"
"│                            ││                                                                                        │"
"│                            ││  10:33                                                                                 │"
"│                            ││THURSDAY STANDUP                                                                        │"
"│                            ││                                                                                        │"
"│                            ││Shipped v2.1 with new API endpoint. Carlos reviewed at 1:30 PM.                         │"
"│                            ││                                                                                        │"
"│                            ││  • Fixed cache invalidation                                                            │"
"│                            ││  • Blocked by infra ticket #1023                                                       │"
"│                            ││  • Pair coded with Sarah on gRPC proto                                                 │"
"│                            ││                                                                                        │"
"│                            ││  12:33                                                                                 │"
"│                            ││REFLECTIONS                                                                             │"
"│                            ││                                                                                        │"
"│                            ││Started strong but hit complexity in auth refactor. Good recovery.                      │"
"│                            ││                                                                                        │"
"│                            ││                                                                                        │"
"│                            ││                                                                                        │"
"│                            ││                                                                                        │"
"│                            ││                                                                                        │"
"│                            ││                                                                                        │"
"│                            ││                                                                                        │"
"│                            ││                                                                                        │"
"│                            ││                                                                                        │"
"│                            ││                                                                                        │"
"│                            ││                                                                                        │"
"│                            ││                                                                                        │"
"└────────────────────────────┘╰────────────────────────────────────────────────────────────────────────────────────────╯"
" j/k nav  Tab focus  / search  : cmd  ? help  q quit                                                                    "
