---
source: crates/rondo-tui/tests/snapshots.rs
expression: s
---
" ▌rondo v0.1.0      // S                  ⊙ ONLINE · 14:20:48 · ◷ 1/2 · P— · ☑3 "
"┏━ inbox · 4 tareas ━━━━━━━━━━━━━━━━━━━━━━━━━━━━━━━━━━━━━━━━━━━━━━━━━━━━━━━━━━━┓"
"      ESTADO  PRI     TAREA                                                     "
"  ▌ ▌ [ ]  ◖URG◗  Refactor pomodoro module  ◖in 1d◗  blocked  #refactor #work   "
"    ▏ [ ]  ◖low◗  Buy groceries  ◖in 2d◗  #personal                             "
"    ▍ [•]  ◖high◗  Review API spec  ◖today◗  ◔ 1/5  #backend #work              "
"          ↳ Setup repo                                                          "
"    ▎ [x]  ◖med◗  Deploy v2.1  ◖overdue◗                                        "
"                                                                                "
"                                                                                "
"                                                                                "
"                                                                                "
"                                                                                "
"                                                                                "
"                                                                                "
"                                                                                "
"                                                                                "
"                                                                                "
"                                                                                "
"                                                                                "
"  PROGRESO GENERAL  [▰▰▰▰▰▰▰▰▰▰▰▱▱▱▱▱▱▱▱▱▱▱▱▱▱▱▱▱▱▱▱▱▱▱▱▱▱▱▱▱▱▱] 25%   1/4      "
"                                                                                "
"┗━━━━━━━━━━━━━━━━━━━━━━━━━━━━━━━━━━━━━━━━━━━━━━━━━━━━━━━━━━━━━━━━━━━━━━━━━━━━━━┛"
" [NOR]  [j/k → move] [l → detail] [a → add] [v → select] [/ → search]  · ? more "
