---
source: crates/rondo-tui/tests/snapshots.rs
expression: s
---
" ▌rondo v0.1.0             ┌ 🧩 plugins ────────────────────────────────────────────────────────────────────────┐HH:MM:SS · ◷ 1/2 · P— · ☑3 " Hidden by multi-width symbols: [(30, " ")]
"┌─ navigation ───────────┐┏│ built-in (in-process)                                                              │───────── pending · urg! ─┐"
"│  [i] ◉ INBOX       3   │┃│                                                                                    │                          │"
"│  [t] ◷ TODAY       1   │┃│  [builtin.analytics]  Analytics Dashboard  v0.1.0                                  │ng◗                       │"
"│  [p] ⏵ UPCOMING    2   │┃│    caps: [PageView, QueryAccess(Tasks), QueryAccess(FocusSessions)]                │                          │"
"│  [A] ◇ ALL         4   │┃│                                                                                    │                          │"
"└────────────────────────┘┃│  [builtin.bell]  Pomodoro Bell  v0.1.0                                             │━━━━━━━━━━━━━━━━━━━━━━━   │"
"┌─ quick filters ────────┐┃│    caps: [Notifier(Audio)]                                                         │                          │"
"│  [u] ! URGENT      1   │┃│                                                                                    │                          │"
"│  [H] ↑ HIGH PRIO   2   │┃│  [builtin.dep-graph]  Dependency Graph  v0.1.0                                     │5-18 (WEEKDAY)             │"
"│  [o] ⌧ OVERDUE         │┃│    caps: [PageView, QueryAccess(Deps)]                                             │ork                       │"
"│  [P] ◐ IN PROGRESS 1   │┃│                                                                                    │                          │"
"│  [n] # UNTAGGED    1   │┃│                                                                                    │───────────────────────   │"
"│  [c] ✓ DONE        1   │┃│ external (WASM)                                                                    │                          │"
"│                        │┃│                                                                                    │ spec done.               │"
"│                        │┃│  (none installed in /snapshot-fixture/.rondo-rs/plugins)                           │                          │"
"│                        │┃│                                                                                    │                          │"
"│                        │┃│ CLI: rondo-tui plugins list / info <id> / install <path> / remove <id>             │                          │"
"│                        │┃│ Esc close                                                                          │───────────────────────   │"
"│                        │┃│                                                                                    │                          │"
"│                        │┃│                                                                                    │                          │"
"│                        │┃│                                                                                    │───────────────────────   │"
"│                        │┃│                                                                                    │                          │"
"│                        │┃│                                                                                    │                          │"
"│                        │┃│                                                                                    │───────────────────────   │"
"└────────────────────────┘┗│                                                                                    │──────────────────────────┘"
"┌─ overview ─────────┐┌─ ne│                                                                                    │─ sync ───────────────────┐"
"│                    ││    │                                                                                    │  STATUS     Connected    │"
"│   4  TOTAL         ││    │                                                                                    │  LAST       HH:MM:SS     │"
"│                    ││    │                                                                                    │  NEXT       HH:MM:SS     │"
"│   ◑    1  Complete ││    │                                                                                    │  DEVICE     1/1 local    │"
"│   ◐    1  In progr ││    │                                                                                    │                          │"
"│   ○    2  Pending  ││   1│                                                                                    │         ⌬                │"
"│   !    0  Overdue  ││    │                                                                                    │                          │"
"└────────────────────┘└────│                                                                                    │──────────────────────────┘"
" [NOR]  [a → add] [space → └────────────────────────────────────────────────────────────────────────────────────┘                           "
