---
source: crates/rondo-tui/tests/snapshots.rs
expression: s
---
" ▌rondo v0.1.0       // SISTEMA DE GESTIÓN DE TAREAS AVANZADO //                  ⊙ ONLINE · 14:20:48 · ◷ 0/0 · P— · ☑0 "
"┌─ navegación ───────┐┏━ inbox · 0 tareas ━━━━━━━━━━━━━━━━━━━━━━━━━━━━━━━━━━━━━━━━━━━━━━━━━━━━━━━━━━━━━━━━━━━━━━━━━━━━━┓"
"   ◉ INBOX                                                                                                              "
"   ◷ HOY                                                                                                                "
"   ⏵ PRÓXIMAS             No tasks yet                                                                                  "
"   ⛀ PROYECTOS                                                                                                          "
"   ◆ ETIQUETAS            ? for help    : commands                                                                      "
"   ⊟ CALENDARIO                                                                                                         "
"   ▤ ANÁLISIS                                                                                                           "
"   ⌬ GRAFO                                                                                                              "
"   ⊳ AUTOMAT.                                                                                                           "
"   ✕ PAPELERA                                                                                                           "
"                                                                                                                        "
"                                                                                                                        "
"                                                                                                                        "
"                                                                                                                        "
"                                                                                                                        "
"                                                                                                                        "
"                                                                                                                        "
"└────────────────────┘                                                                                                  "
"┌─ filtros ──────────┐                                                                                                  "
"   !  URGENTES                                                                                                          "
"   ↑  ALTA PRIO                                                                                                         "
"   @  ASIG. A MÍ                                                                                                        "
"   #  SIN ETIQUETA                                                                                                      "
"   ✓  COMPLETADAS                                                                                                       "
"   ◷  VENCIDAS                                                                                                          "
"                                                                                                                        "
"                                                                                                                        "
"                                                                                                                        "
"└────────────────────┘┗━━━━━━━━━━━━━━━━━━━━━━━━━━━━━━━━━━━━━━━━━━━━━━━━━━━━━━━━━━━━━━━━━━━━━━━━━━━━━━━━━━━━━━━━━━━━━━━━┛"
" [NOR]  [j/k → move] [l → detail] [a → add] [v → select] [/ → search]  · ? more                                         "
